BQ34110.c:9:10:BQ_ReadRegister	40	static
BQ34110.c:20:10:BQ_GetBattStatus	8	static
BQ34110.c:30:6:BQ_WriteControl	24	static
BQ34110.c:37:5:BQ_ReadControl	16	static
BQ34110.c:43:6:BQ_WriteMAC	24	static
BQ34110.c:52:10:BQ_ReadMAC	16	static
BQ34110.c:59:10:BQ_ReadFlash	56	static
BQ34110.c:86:6:BQ_WriteFlash	40	static
BQ34110.c:120:6:BQ_WriteCCFlash	32	static
BQ34110.c:158:6:BQ_CheckSum	40	static
BQ34110.c:169:7:BQ_GetTemp	16	static
BQ34110.c:173:6:BQ_CalibrateVoltage	72	static
BQ34110.c:230:6:BQ_RestoreCCSettings	64	static
BQ34110.c:262:6:BQ_CalibrateCurrent	112	static
BQ34110.c:384:6:floatConversion	48	static
BQ34110.c:431:9:BQ_GetRSOC	8	static
BQ34110.c:436:9:BQ_GetSOH	8	static
BQ34110.c:441:5:BQ_GetVoltage	8	static
BQ34110.c:445:5:BQ_GetRawVoltage	8	static
BQ34110.c:450:5:BQ_GetFullCapacity	8	static
BQ34110.c:455:5:BQ_GetRemainingCapacity	8	static
BQ34110.c:460:9:BQ_GetCurrent	8	static
BQ34110.c:464:5:BQ_GetRawCurrent	8	static
BQ34110.c:468:5:BQ_AnalogCount	8	static
BQ34110.c:472:5:BQ_GetCycleCount	8	static
BQ34110.c:476:6:BQ_Reset	8	static
BQ34110.c:485:10:BQ_GetGaugingStatus	8	static
BQ34110.c:491:6:BQ_Init	24	static
BQ34110.c:535:6:BQ_SetFlashUOV	24	static
BQ34110.c:549:6:BQ_SetPinCntlConfig	16	static
BQ34110.c:564:6:BQ_SetLFCC	24	static
BQ34110.c:576:6:BQ_CalibrateNumOfCells	24	static
BQ34110.c:609:6:BQ_SetVoltageDivider	24	static
BQ34110.c:622:6:BQ_SetMaxPackV	16	static
BQ34110.c:632:6:BQ_SetMinPackV	16	static
BQ34110.c:642:6:BQ_SetDesignCap	24	static
BQ34110.c:652:6:BQ_EnterCalibration	16	static
BQ34110.c:662:6:BQ_ExitCalibration	32	static
BQ34110.c:683:6:BQ_Calibrate_CCOffset_BoardOffset	32	static
BQ34110.c:707:6:BQ_CEDVConfig	80	static
BQ34110.c:802:6:BQ_Learning	32	static
BQ34110.c:819:6:BQ_ReadKeys	24	static
BQ34110.c:827:6:BQ_Unseal	24	static
