can_lib.c:5:6:CAN_Begin	16	static
can_lib.c:45:6:CAN_SendMsg	32	static
can_lib.c:57:10:CAN_RecvMsg	24	static
can_lib.c:75:6:CAN_SetFilter	64	static
can_lib.c:98:10:CAN_CheckReceive	16	static
can_lib.c:112:10:CAN_GetId	8	static
can_lib.c:116:6:CAN_SetMsgFrame	32	static
can_lib.c:132:9:CAN_ParseMsgFrame	32	static
can_lib.c:142:6:CAN_PrintMsgFrame	32	static
can_lib.c:195:6:CAN_Init	8	static
can_lib.c:220:6:CAN_InitFilter	48	static
can_lib.c:255:6:CAN_Config_TxHeader	16	static
can_lib.c:266:6:HAL_CAN_RxFifo0MsgPendingCallback	24	static
can_lib.c:278:6:HAL_CAN_RxFifo1MsgPendingCallback	24	static
can_lib.c:291:6:HAL_CAN_RxFifo0FullCallback	16	static
can_lib.c:299:6:HAL_CAN_RxFifo1FullCallback	16	static
can_lib.c:309:13:Error_Handler	8	static
