core_cm0.h:730:22:__NVIC_SetPriority	24	static
core_cm0.h:920:26:SysTick_Config	16	static
main.c:70:5:main	40	static
main.c:193:6:ssd1306_DisplayData	104	static
main.c:242:6:ssd1306_DisplayOnMsg	8	static
main.c:249:6:ssd1306_DisplayOffMsg	8	static
main.c:256:6:setState	24	static
main.c:272:6:CAN_SetAllFilters	16	static
main.c:293:6:Enable_TIM17	8	static
main.c:301:6:System_Begin	32	static
main.c:328:6:SystemClock_Config	112	static
main.c:370:6:HAL_TIM_PeriodElapsedCallback	16	static
main.c:382:13:MX_I2C1_Init	8	static
main.c:428:13:MX_GPIO_Init	48	static
main.c:473:6:Error_Handler	16	static
